INFO:     Started server process [23288]
INFO:     Waiting for application startup.
INFO:     Application startup complete.
INFO:     Uvicorn running on http://127.0.0.1:8000 (Press CTRL+C to quit)
ERROR:    Exception in ASGI application
Traceback (most recent call last):
  File "D:\Budasai\Budasai new website\.venv\Lib\site-packages\uvicorn\protocols\http\httptools_impl.py", line 422, in run_asgi
    result = await app(  # type: ignore[func-returns-value]
             ^^^^^^^^^^^^^^^^^^^^^^^^^^^^^^^^^^^^^^^^^^^^^^
        self.scope, self.receive, self.send
        ^^^^^^^^^^^^^^^^^^^^^^^^^^^^^^^^^^^
    )
    ^
  File "D:\Budasai\Budasai new website\.venv\Lib\site-packages\uvicorn\middleware\proxy_headers.py", line 63, in __call__
    return await self.app(scope, receive, send)
           ^^^^^^^^^^^^^^^^^^^^^^^^^^^^^^^^^^^^
  File "D:\Budasai\Budasai new website\.venv\Lib\site-packages\fastapi\applications.py", line 1163, in __call__
    await super().__call__(scope, receive, send)
  File "D:\Budasai\Budasai new website\.venv\Lib\site-packages\starlette\applications.py", line 96, in __call__
    await self.middleware_stack(scope, receive, send)
  File "D:\Budasai\Budasai new website\.venv\Lib\site-packages\starlette\middleware\errors.py", line 186, in __call__
    raise exc
  File "D:\Budasai\Budasai new website\.venv\Lib\site-packages\starlette\middleware\errors.py", line 164, in __call__
    await self.app(scope, receive, _send)
  File "D:\Budasai\Budasai new website\.venv\Lib\site-packages\starlette\middleware\exceptions.py", line 63, in __call__
    await wrap_app_handling_exceptions(self.app, conn)(scope, receive, send)
  File "D:\Budasai\Budasai new website\.venv\Lib\site-packages\starlette\_exception_handler.py", line 53, in wrapped_app
    raise exc
  File "D:\Budasai\Budasai new website\.venv\Lib\site-packages\starlette\_exception_handler.py", line 42, in wrapped_app
    await app(scope, receive, sender)
  File "D:\Budasai\Budasai new website\.venv\Lib\site-packages\fastapi\middleware\asyncexitstack.py", line 18, in __call__
    await self.app(scope, receive, send)
  File "D:\Budasai\Budasai new website\.venv\Lib\site-packages\starlette\routing.py", line 670, in __call__
    await self.middleware_stack(scope, receive, send)
  File "D:\Budasai\Budasai new website\.venv\Lib\site-packages\fastapi\routing.py", line 2734, in app
    await route.handle(scope, receive, send)
  File "D:\Budasai\Budasai new website\.venv\Lib\site-packages\fastapi\routing.py", line 1780, in handle
    await self.original_router.handle(scope, receive, send)
  File "D:\Budasai\Budasai new website\.venv\Lib\site-packages\fastapi\routing.py", line 2789, in handle
    await included_router._handle_selected(scope, receive, send)
  File "D:\Budasai\Budasai new website\.venv\Lib\site-packages\fastapi\routing.py", line 1800, in _handle_selected
    await original_route.handle(scope, receive, send)
  File "D:\Budasai\Budasai new website\.venv\Lib\site-packages\fastapi\routing.py", line 1279, in handle
    await app(scope, receive, send)
  File "D:\Budasai\Budasai new website\.venv\Lib\site-packages\fastapi\routing.py", line 158, in app
    await wrap_app_handling_exceptions(app, request)(scope, receive, send)
  File "D:\Budasai\Budasai new website\.venv\Lib\site-packages\starlette\_exception_handler.py", line 53, in wrapped_app
    raise exc
  File "D:\Budasai\Budasai new website\.venv\Lib\site-packages\starlette\_exception_handler.py", line 42, in wrapped_app
    await app(scope, receive, sender)
  File "D:\Budasai\Budasai new website\.venv\Lib\site-packages\fastapi\routing.py", line 144, in app
    response = await f(request)
               ^^^^^^^^^^^^^^^^
  File "D:\Budasai\Budasai new website\.venv\Lib\site-packages\fastapi\routing.py", line 706, in app
    raw_response = await run_endpoint_function(
                   ^^^^^^^^^^^^^^^^^^^^^^^^^^^^
    ...<3 lines>...
    )
    ^
  File "D:\Budasai\Budasai new website\.venv\Lib\site-packages\fastapi\routing.py", line 354, in run_endpoint_function
    return await run_in_threadpool(dependant.call, **values)
           ^^^^^^^^^^^^^^^^^^^^^^^^^^^^^^^^^^^^^^^^^^^^^^^^^
  File "D:\Budasai\Budasai new website\.venv\Lib\site-packages\starlette\concurrency.py", line 34, in run_in_threadpool
    return await anyio.to_thread.run_sync(func)
           ^^^^^^^^^^^^^^^^^^^^^^^^^^^^^^^^^^^^
  File "D:\Budasai\Budasai new website\.venv\Lib\site-packages\anyio\to_thread.py", line 65, in run_sync
    return await get_async_backend().run_sync_in_worker_thread(
           ^^^^^^^^^^^^^^^^^^^^^^^^^^^^^^^^^^^^^^^^^^^^^^^^^^^^
        func, args, abandon_on_cancel=abandon_on_cancel, limiter=limiter
        ^^^^^^^^^^^^^^^^^^^^^^^^^^^^^^^^^^^^^^^^^^^^^^^^^^^^^^^^^^^^^^^^
    )
    ^
  File "D:\Budasai\Budasai new website\.venv\Lib\site-packages\anyio\_backends\_asyncio.py", line 2641, in run_sync_in_worker_thread
    return await future
           ^^^^^^^^^^^^
  File "D:\Budasai\Budasai new website\.venv\Lib\site-packages\anyio\_backends\_asyncio.py", line 1033, in run
    result = context.run(func, *args)
  File "D:\Budasai\Budasai new website\app\routes\research.py", line 15, in article
    return request.app.state.templates.TemplateResponse(request,"article.html",{"article":item,"related":related,"seo":{"title":item["title"]+" | BudasAI Research","description":item["excerpt"],"type":"article"}})
           ~~~~~~~~~~~~~~~~~~~~~~~~~~~~~~~~~~~~~~~~~~~~^^^^^^^^^^^^^^^^^^^^^^^^^^^^^^^^^^^^^^^^^^^^^^^^^^^^^^^^^^^^^^^^^^^^^^^^^^^^^^^^^^^^^^^^^^^^^^^^^^^^^^^^^^^^^^^^^^^^^^^^^^^^^^^^^^^^^^^^^^^^^^^^^^^^^^^^^^^^^^
  File "D:\Budasai\Budasai new website\.venv\Lib\site-packages\starlette\templating.py", line 149, in TemplateResponse
    return _TemplateResponse(
        template,
    ...<4 lines>...
        background=background,
    )
  File "D:\Budasai\Budasai new website\.venv\Lib\site-packages\starlette\templating.py", line 43, in __init__
    content = template.render(context)
  File "D:\Budasai\Budasai new website\.venv\Lib\site-packages\jinja2\environment.py", line 1295, in render
    self.environment.handle_exception()
    ~~~~~~~~~~~~~~~~~~~~~~~~~~~~~~~~~^^
  File "D:\Budasai\Budasai new website\.venv\Lib\site-packages\jinja2\environment.py", line 942, in handle_exception
    raise rewrite_traceback_stack(source=source)
  File "templates\article.html", line 1, in top-level template code
    {% extends 'base.html' %}{% block content %}<article class="reader"><header><p class="eyebrow">{{article.category}}</p><h1>{{article.title}}</h1><p class="lede">{{article.subtitle}}</p><p class="byline">By {{article.author}} · {{article.published_at}} · {{article.reading_time}}</p></header><div class="article-body">{% for block in article.blocks %}{% if block.type=='heading' %}<h{{block.level}}>{{block.text}}</h{{block.level}}>{% elif block.type=='paragraph' %}<p>{{block.text}}</p>{% elif block.type=='blockquote' %}<blockquote>{{block.text}}</blockquote>{% elif block.type=='callout' %}<aside class="callout"><strong>{{block.title}}</strong><p>{{block.text}}</p></aside>{% elif block.type=='key_takeaways' %}<aside class="takeaways"><strong>Key takeaways</strong><ul>{% for item in block.items %}<li>{{item}}</li>{% endfor %}</ul></aside>{% elif block.type=='formula' %}<p class="formula">{{block.text}}</p>{% elif block.type=='table' %}<div class="table-wrap"><table><thead><tr>{% for h in block.headers %}<th>{{h}}</th>{% endfor %}</tr></thead><tbody>{% for row in block.rows %}<tr>{% for cell in row %}<td>{{cell}}</td>{% endfor %}</tr>{% endfor %}</tbody></table></div>{% elif block.type=='chart' %}<figure class="article-chart"><figcaption>{{block.title}}</figcaption><svg viewBox="0 0 400 130" preserveAspectRatio="none"><polyline points="{% for v in block.values %}{{loop.index0*57}},{{120-v}} {% endfor %}"/></svg></figure>{% elif block.type=='source_list' %}<h2>Sources</h2><ul>{% for source in block.sources %}<li><a href="{{source.url}}" target="_blank" rel="noopener noreferrer">{{source.title}}</a></li>{% endfor %}</ul>{% endif %}{% endfor %}</div></article><section class="wrap related"><h2>Related research</h2><div class="article-grid">{% for article in related %}{% include 'components/article_card.html' %}{% endfor %}</div></section>{% endblock %}
    ^^^^^^^^^^^^^^^^^^^^^^^^^
  File "templates\base.html", line 1, in top-level template code
    <!doctype html><html lang="en"><head><meta charset="utf-8"><meta name="viewport" content="width=device-width,initial-scale=1"><title>{{ seo.title }}</title><meta name="description" content="{{ seo.description }}"><meta property="og:title" content="{{ seo.title }}"><meta property="og:description" content="{{ seo.description }}"><meta property="og:type" content="{{ seo.type|default('website') }}"><meta name="twitter:card" content="summary"><link rel="stylesheet" href="/static/css/style.css"><script type="application/ld+json">{"@context":"https://schema.org","@type":"{{ 'Article' if seo.type == 'article' else 'WebPage' }}","name":"{{ seo.title }}"}</script></head><body><a class="skip" href="#content">Skip to content</a>{% include 'components/navbar.html' %}{% include 'components/ticker.html' %}<main id="content">{% block content %}{% endblock %}</main>{% include 'components/footer.html' %}<div class="search-modal" hidden data-search-modal><div class="search-box" role="dialog" aria-modal="true" aria-label="Search research"><button class="close" data-close-search aria-label="Close search">×</button><form action="/search"><label for="site-search">Search BudasAI Research</label><input id="site-search" name="q" type="search" autocomplete="off" placeholder="Search articles, topics and concepts"></form><p>Press Escape to close</p></div></div><script src="/static/js/app.js"></script></body></html>
    ^^^^^^^^^^^^^^^^^^^^^^^^^
  File "templates\article.html", line 1, in block 'content'
    {% extends 'base.html' %}{% block content %}<article class="reader"><header><p class="eyebrow">{{article.category}}</p><h1>{{article.title}}</h1><p class="lede">{{article.subtitle}}</p><p class="byline">By {{article.author}} · {{article.published_at}} · {{article.reading_time}}</p></header><div class="article-body">{% for block in article.blocks %}{% if block.type=='heading' %}<h{{block.level}}>{{block.text}}</h{{block.level}}>{% elif block.type=='paragraph' %}<p>{{block.text}}</p>{% elif block.type=='blockquote' %}<blockquote>{{block.text}}</blockquote>{% elif block.type=='callout' %}<aside class="callout"><strong>{{block.title}}</strong><p>{{block.text}}</p></aside>{% elif block.type=='key_takeaways' %}<aside class="takeaways"><strong>Key takeaways</strong><ul>{% for item in block.items %}<li>{{item}}</li>{% endfor %}</ul></aside>{% elif block.type=='formula' %}<p class="formula">{{block.text}}</p>{% elif block.type=='table' %}<div class="table-wrap"><table><thead><tr>{% for h in block.headers %}<th>{{h}}</th>{% endfor %}</tr></thead><tbody>{% for row in block.rows %}<tr>{% for cell in row %}<td>{{cell}}</td>{% endfor %}</tr>{% endfor %}</tbody></table></div>{% elif block.type=='chart' %}<figure class="article-chart"><figcaption>{{block.title}}</figcaption><svg viewBox="0 0 400 130" preserveAspectRatio="none"><polyline points="{% for v in block.values %}{{loop.index0*57}},{{120-v}} {% endfor %}"/></svg></figure>{% elif block.type=='source_list' %}<h2>Sources</h2><ul>{% for source in block.sources %}<li><a href="{{source.url}}" target="_blank" rel="noopener noreferrer">{{source.title}}</a></li>{% endfor %}</ul>{% endif %}{% endfor %}</div></article><section class="wrap related"><h2>Related research</h2><div class="article-grid">{% for article in related %}{% include 'components/article_card.html' %}{% endfor %}</div></section>{% endblock %}
    ^^^^^^^^^^^^^^^^^^^^^^^^^
TypeError: 'builtin_function_or_method' object is not iterable
